Analysis & Synthesis report for ADS1115
Fri Feb 06 19:10:19 2026
Quartus Prime Version 17.1.0 Build 590 10/25/2017 SJ Lite Edition


---------------------
; Table of Contents ;
---------------------
  1. Legal Notice
  2. Analysis & Synthesis Summary
  3. Analysis & Synthesis Settings
  4. Parallel Compilation
  5. Analysis & Synthesis Source Files Read
  6. Analysis & Synthesis Resource Usage Summary
  7. Analysis & Synthesis Resource Utilization by Entity
  8. State Machine - |SINGLE_SHOT|STATE
  9. State Machine - |SINGLE_SHOT|ADS1115:U_ADS1115|STATE_AFTER_WAIT
 10. State Machine - |SINGLE_SHOT|ADS1115:U_ADS1115|STATE
 11. State Machine - |SINGLE_SHOT|ADS1115:U_ADS1115|I2C:U_I2C|STATE
 12. Registers Removed During Synthesis
 13. Removed Registers Triggering Further Register Optimizations
 14. General Register Statistics
 15. Inverted Register Statistics
 16. Multiplexer Restructuring Statistics (Restructuring Performed)
 17. Parameter Settings for User Entity Instance: ADS1115:U_ADS1115|I2C:U_I2C
 18. Port Connectivity Checks: "ADS1115:U_ADS1115|I2C:U_I2C"
 19. Port Connectivity Checks: "ADS1115:U_ADS1115"
 20. Post-Synthesis Netlist Statistics for Top Partition
 21. Elapsed Time Per Partition
 22. Analysis & Synthesis Messages



----------------
; Legal Notice ;
----------------
Copyright (C) 2017  Intel Corporation. All rights reserved.
Your use of Intel Corporation's design tools, logic functions 
and other software and tools, and its AMPP partner logic 
functions, and any output files from any of the foregoing 
(including device programming or simulation files), and any 
associated documentation or information are expressly subject 
to the terms and conditions of the Intel Program License 
Subscription Agreement, the Intel Quartus Prime License Agreement,
the Intel FPGA IP License Agreement, or other applicable license
agreement, including, without limitation, that your use is for
the sole purpose of programming logic devices manufactured by
Intel and sold by Intel or its authorized distributors.  Please
refer to the applicable agreement for further details.



+----------------------------------------------------------------------------------+
; Analysis & Synthesis Summary                                                     ;
+------------------------------------+---------------------------------------------+
; Analysis & Synthesis Status        ; Successful - Fri Feb 06 19:10:19 2026       ;
; Quartus Prime Version              ; 17.1.0 Build 590 10/25/2017 SJ Lite Edition ;
; Revision Name                      ; ADS1115                                     ;
; Top-level Entity Name              ; SINGLE_SHOT                                 ;
; Family                             ; MAX 10                                      ;
; Total logic elements               ; 232                                         ;
;     Total combinational functions  ; 199                                         ;
;     Dedicated logic registers      ; 120                                         ;
; Total registers                    ; 120                                         ;
; Total pins                         ; 20                                          ;
; Total virtual pins                 ; 0                                           ;
; Total memory bits                  ; 0                                           ;
; Embedded Multiplier 9-bit elements ; 0                                           ;
; Total PLLs                         ; 0                                           ;
; UFM blocks                         ; 0                                           ;
; ADC blocks                         ; 0                                           ;
+------------------------------------+---------------------------------------------+


+----------------------------------------------------------------------------------------------------------------------+
; Analysis & Synthesis Settings                                                                                        ;
+----------------------------------------------------------------------------+--------------------+--------------------+
; Option                                                                     ; Setting            ; Default Value      ;
+----------------------------------------------------------------------------+--------------------+--------------------+
; Device                                                                     ; 10M08SCE144C8G     ;                    ;
; Top-level entity name                                                      ; SINGLE_SHOT        ; ADS1115            ;
; Family name                                                                ; MAX 10             ; Cyclone V          ;
; Use smart compilation                                                      ; Off                ; Off                ;
; Enable parallel Assembler and TimeQuest Timing Analyzer during compilation ; On                 ; On                 ;
; Enable compact report table                                                ; Off                ; Off                ;
; Restructure Multiplexers                                                   ; Auto               ; Auto               ;
; Create Debugging Nodes for IP Cores                                        ; Off                ; Off                ;
; Preserve fewer node names                                                  ; On                 ; On                 ;
; Intel FPGA IP Evaluation Mode                                              ; Enable             ; Enable             ;
; Verilog Version                                                            ; Verilog_2001       ; Verilog_2001       ;
; VHDL Version                                                               ; VHDL_1993          ; VHDL_1993          ;
; State Machine Processing                                                   ; Auto               ; Auto               ;
; Safe State Machine                                                         ; Off                ; Off                ;
; Extract Verilog State Machines                                             ; On                 ; On                 ;
; Extract VHDL State Machines                                                ; On                 ; On                 ;
; Ignore Verilog initial constructs                                          ; Off                ; Off                ;
; Iteration limit for constant Verilog loops                                 ; 5000               ; 5000               ;
; Iteration limit for non-constant Verilog loops                             ; 250                ; 250                ;
; Add Pass-Through Logic to Inferred RAMs                                    ; On                 ; On                 ;
; Infer RAMs from Raw Logic                                                  ; On                 ; On                 ;
; Parallel Synthesis                                                         ; On                 ; On                 ;
; DSP Block Balancing                                                        ; Auto               ; Auto               ;
; NOT Gate Push-Back                                                         ; On                 ; On                 ;
; Power-Up Don't Care                                                        ; On                 ; On                 ;
; Remove Redundant Logic Cells                                               ; Off                ; Off                ;
; Remove Duplicate Registers                                                 ; On                 ; On                 ;
; Ignore CARRY Buffers                                                       ; Off                ; Off                ;
; Ignore CASCADE Buffers                                                     ; Off                ; Off                ;
; Ignore GLOBAL Buffers                                                      ; Off                ; Off                ;
; Ignore ROW GLOBAL Buffers                                                  ; Off                ; Off                ;
; Ignore LCELL Buffers                                                       ; Off                ; Off                ;
; Ignore SOFT Buffers                                                        ; On                 ; On                 ;
; Limit AHDL Integers to 32 Bits                                             ; Off                ; Off                ;
; Optimization Technique                                                     ; Balanced           ; Balanced           ;
; Carry Chain Length                                                         ; 70                 ; 70                 ;
; Auto Carry Chains                                                          ; On                 ; On                 ;
; Auto Open-Drain Pins                                                       ; On                 ; On                 ;
; Perform WYSIWYG Primitive Resynthesis                                      ; Off                ; Off                ;
; Auto ROM Replacement                                                       ; On                 ; On                 ;
; Auto RAM Replacement                                                       ; On                 ; On                 ;
; Auto DSP Block Replacement                                                 ; On                 ; On                 ;
; Auto Shift Register Replacement                                            ; Auto               ; Auto               ;
; Allow Shift Register Merging across Hierarchies                            ; Auto               ; Auto               ;
; Auto Clock Enable Replacement                                              ; On                 ; On                 ;
; Strict RAM Replacement                                                     ; Off                ; Off                ;
; Allow Synchronous Control Signals                                          ; On                 ; On                 ;
; Force Use of Synchronous Clear Signals                                     ; Off                ; Off                ;
; Auto RAM Block Balancing                                                   ; On                 ; On                 ;
; Auto RAM to Logic Cell Conversion                                          ; Off                ; Off                ;
; Auto Resource Sharing                                                      ; Off                ; Off                ;
; Allow Any RAM Size For Recognition                                         ; Off                ; Off                ;
; Allow Any ROM Size For Recognition                                         ; Off                ; Off                ;
; Allow Any Shift Register Size For Recognition                              ; Off                ; Off                ;
; Use LogicLock Constraints during Resource Balancing                        ; On                 ; On                 ;
; Ignore translate_off and synthesis_off directives                          ; Off                ; Off                ;
; Timing-Driven Synthesis                                                    ; On                 ; On                 ;
; Report Parameter Settings                                                  ; On                 ; On                 ;
; Report Source Assignments                                                  ; On                 ; On                 ;
; Report Connectivity Checks                                                 ; On                 ; On                 ;
; Ignore Maximum Fan-Out Assignments                                         ; Off                ; Off                ;
; Synchronization Register Chain Length                                      ; 2                  ; 2                  ;
; Power Optimization During Synthesis                                        ; Normal compilation ; Normal compilation ;
; HDL message level                                                          ; Level2             ; Level2             ;
; Suppress Register Optimization Related Messages                            ; Off                ; Off                ;
; Number of Removed Registers Reported in Synthesis Report                   ; 5000               ; 5000               ;
; Number of Swept Nodes Reported in Synthesis Report                         ; 5000               ; 5000               ;
; Number of Inverted Registers Reported in Synthesis Report                  ; 100                ; 100                ;
; Clock MUX Protection                                                       ; On                 ; On                 ;
; Auto Gated Clock Conversion                                                ; Off                ; Off                ;
; Block Design Naming                                                        ; Auto               ; Auto               ;
; SDC constraint protection                                                  ; Off                ; Off                ;
; Synthesis Effort                                                           ; Auto               ; Auto               ;
; Shift Register Replacement - Allow Asynchronous Clear Signal               ; On                 ; On                 ;
; Pre-Mapping Resynthesis Optimization                                       ; Off                ; Off                ;
; Analysis & Synthesis Message Level                                         ; Medium             ; Medium             ;
; Disable Register Merging Across Hierarchies                                ; Auto               ; Auto               ;
; Resource Aware Inference For Block RAM                                     ; On                 ; On                 ;
+----------------------------------------------------------------------------+--------------------+--------------------+


+------------------------------------------+
; Parallel Compilation                     ;
+----------------------------+-------------+
; Processors                 ; Number      ;
+----------------------------+-------------+
; Number detected on machine ; 8           ;
; Maximum allowed            ; 4           ;
;                            ;             ;
; Average used               ; 1.00        ;
; Maximum used               ; 4           ;
;                            ;             ;
; Usage by Processor         ; % Time Used ;
;     Processor 1            ; 100.0%      ;
;     Processors 2-4         ;   0.0%      ;
+----------------------------+-------------+


+-----------------------------------------------------------------------------------------------------------------------------------------------------------------------+
; Analysis & Synthesis Source Files Read                                                                                                                                ;
+----------------------------------+-----------------+-----------------+--------------------------------------------------------------------------------------+---------+
; File Name with User-Entered Path ; Used in Netlist ; File Type       ; File Name with Absolute Path                                                         ; Library ;
+----------------------------------+-----------------+-----------------+--------------------------------------------------------------------------------------+---------+
; I2C.vhd                          ; yes             ; User VHDL File  ; C:/Users/steel/Documents/FPGA_tasks/FPGA_REPO/FPGA-practices/ADS1115/I2C.vhd         ;         ;
; ADS1115.vhd                      ; yes             ; User VHDL File  ; C:/Users/steel/Documents/FPGA_tasks/FPGA_REPO/FPGA-practices/ADS1115/ADS1115.vhd     ;         ;
; SINGLE_SHOT.vhd                  ; yes             ; User VHDL File  ; C:/Users/steel/Documents/FPGA_tasks/FPGA_REPO/FPGA-practices/ADS1115/SINGLE_SHOT.vhd ;         ;
+----------------------------------+-----------------+-----------------+--------------------------------------------------------------------------------------+---------+


+---------------------------------------------------------+
; Analysis & Synthesis Resource Usage Summary             ;
+---------------------------------------------+-----------+
; Resource                                    ; Usage     ;
+---------------------------------------------+-----------+
; Estimated Total logic elements              ; 232       ;
;                                             ;           ;
; Total combinational functions               ; 199       ;
; Logic element usage by number of LUT inputs ;           ;
;     -- 4 input functions                    ; 95        ;
;     -- 3 input functions                    ; 47        ;
;     -- <=2 input functions                  ; 57        ;
;                                             ;           ;
; Logic elements by mode                      ;           ;
;     -- normal mode                          ; 160       ;
;     -- arithmetic mode                      ; 39        ;
;                                             ;           ;
; Total registers                             ; 120       ;
;     -- Dedicated logic registers            ; 120       ;
;     -- I/O registers                        ; 0         ;
;                                             ;           ;
; I/O pins                                    ; 20        ;
;                                             ;           ;
; Embedded Multiplier 9-bit elements          ; 0         ;
;                                             ;           ;
; Maximum fan-out node                        ; CLK~input ;
; Maximum fan-out                             ; 120       ;
; Total fan-out                               ; 1130      ;
; Average fan-out                             ; 3.13      ;
+---------------------------------------------+-----------+


+---------------------------------------------------------------------------------------------------------------------------------------------------------------------------------------------------------------------------------------------------------+
; Analysis & Synthesis Resource Utilization by Entity                                                                                                                                                                                                     ;
+----------------------------+---------------------+---------------------------+-------------+------------+--------------+---------+-----------+------+--------------+------------+------------------------------------------+-------------+--------------+
; Compilation Hierarchy Node ; Combinational ALUTs ; Dedicated Logic Registers ; Memory Bits ; UFM Blocks ; DSP Elements ; DSP 9x9 ; DSP 18x18 ; Pins ; Virtual Pins ; ADC blocks ; Full Hierarchy Name                      ; Entity Name ; Library Name ;
+----------------------------+---------------------+---------------------------+-------------+------------+--------------+---------+-----------+------+--------------+------------+------------------------------------------+-------------+--------------+
; |SINGLE_SHOT               ; 199 (5)             ; 120 (5)                   ; 0           ; 0          ; 0            ; 0       ; 0         ; 20   ; 0            ; 0          ; |SINGLE_SHOT                             ; SINGLE_SHOT ; work         ;
;    |ADS1115:U_ADS1115|     ; 194 (83)            ; 115 (66)                  ; 0           ; 0          ; 0            ; 0       ; 0         ; 0    ; 0            ; 0          ; |SINGLE_SHOT|ADS1115:U_ADS1115           ; ADS1115     ; work         ;
;       |I2C:U_I2C|          ; 111 (111)           ; 49 (49)                   ; 0           ; 0          ; 0            ; 0       ; 0         ; 0    ; 0            ; 0          ; |SINGLE_SHOT|ADS1115:U_ADS1115|I2C:U_I2C ; I2C         ; work         ;
+----------------------------+---------------------+---------------------------+-------------+------------+--------------+---------+-----------+------+--------------+------------+------------------------------------------+-------------+--------------+
Note: For table entries with two numbers listed, the numbers in parentheses indicate the number of resources of the given type used by the specific entity alone. The numbers listed outside of parentheses indicate the total resources of the given type used by the specific entity and all of its sub-entities in the hierarchy.


Encoding Type:  One-Hot
+--------------------------------------------------------------------------------------------------+
; State Machine - |SINGLE_SHOT|STATE                                                               ;
+-----------------------+-----------------------+----------------+--------------------+------------+
; Name                  ; STATE.WAIT_CONVERSION ; STATE.WAIT_PIN ; STATE.SEND_COMMAND ; STATE.IDLE ;
+-----------------------+-----------------------+----------------+--------------------+------------+
; STATE.IDLE            ; 0                     ; 0              ; 0                  ; 0          ;
; STATE.SEND_COMMAND    ; 0                     ; 0              ; 1                  ; 1          ;
; STATE.WAIT_PIN        ; 0                     ; 1              ; 0                  ; 1          ;
; STATE.WAIT_CONVERSION ; 1                     ; 0              ; 0                  ; 1          ;
+-----------------------+-----------------------+----------------+--------------------+------------+


Encoding Type:  One-Hot
+-------------------------------------------------------------------------------------------------------------------------------------------------------------------------------------------------------------------------+
; State Machine - |SINGLE_SHOT|ADS1115:U_ADS1115|STATE_AFTER_WAIT                                                                                                                                                         ;
+----------------------------------+--------------------------------+--------------------------------+----------------------------+----------------------------------+----------------------------+-----------------------+
; Name                             ; STATE_AFTER_WAIT.WAIT_I2C_DONE ; STATE_AFTER_WAIT.WAIT_I2C_BUSY ; STATE_AFTER_WAIT.READ_DATA ; STATE_AFTER_WAIT.WAIT_CONVERSION ; STATE_AFTER_WAIT.CONFIGURE ; STATE_AFTER_WAIT.IDLE ;
+----------------------------------+--------------------------------+--------------------------------+----------------------------+----------------------------------+----------------------------+-----------------------+
; STATE_AFTER_WAIT.IDLE            ; 0                              ; 0                              ; 0                          ; 0                                ; 0                          ; 0                     ;
; STATE_AFTER_WAIT.CONFIGURE       ; 0                              ; 0                              ; 0                          ; 0                                ; 1                          ; 1                     ;
; STATE_AFTER_WAIT.WAIT_CONVERSION ; 0                              ; 0                              ; 0                          ; 1                                ; 0                          ; 1                     ;
; STATE_AFTER_WAIT.READ_DATA       ; 0                              ; 0                              ; 1                          ; 0                                ; 0                          ; 1                     ;
; STATE_AFTER_WAIT.WAIT_I2C_BUSY   ; 0                              ; 1                              ; 0                          ; 0                                ; 0                          ; 1                     ;
; STATE_AFTER_WAIT.WAIT_I2C_DONE   ; 1                              ; 0                              ; 0                          ; 0                                ; 0                          ; 1                     ;
+----------------------------------+--------------------------------+--------------------------------+----------------------------+----------------------------------+----------------------------+-----------------------+


Encoding Type:  One-Hot
+--------------------------------------------------------------------------------------------------------------------------------------------+
; State Machine - |SINGLE_SHOT|ADS1115:U_ADS1115|STATE                                                                                       ;
+-----------------------+---------------------+---------------------+-----------------+-----------------------+-----------------+------------+
; Name                  ; STATE.WAIT_I2C_DONE ; STATE.WAIT_I2C_BUSY ; STATE.READ_DATA ; STATE.WAIT_CONVERSION ; STATE.CONFIGURE ; STATE.IDLE ;
+-----------------------+---------------------+---------------------+-----------------+-----------------------+-----------------+------------+
; STATE.IDLE            ; 0                   ; 0                   ; 0               ; 0                     ; 0               ; 0          ;
; STATE.CONFIGURE       ; 0                   ; 0                   ; 0               ; 0                     ; 1               ; 1          ;
; STATE.WAIT_CONVERSION ; 0                   ; 0                   ; 0               ; 1                     ; 0               ; 1          ;
; STATE.READ_DATA       ; 0                   ; 0                   ; 1               ; 0                     ; 0               ; 1          ;
; STATE.WAIT_I2C_BUSY   ; 0                   ; 1                   ; 0               ; 0                     ; 0               ; 1          ;
; STATE.WAIT_I2C_DONE   ; 1                   ; 0                   ; 0               ; 0                     ; 0               ; 1          ;
+-----------------------+---------------------+---------------------+-----------------+-----------------------+-----------------+------------+


Encoding Type:  One-Hot
+--------------------------------------------------------------------------------------------------------------------------------------------------+
; State Machine - |SINGLE_SHOT|ADS1115:U_ADS1115|I2C:U_I2C|STATE                                                                                   ;
+----------------+------------+----------------+----------+----------------+----------+----------------+---------------+-------------+-------------+
; Name           ; STATE.STOP ; STATE.MSTR_ACK ; STATE.RD ; STATE.SLV_ACK2 ; STATE.WR ; STATE.SLV_ACK1 ; STATE.COMMAND ; STATE.START ; STATE.READY ;
+----------------+------------+----------------+----------+----------------+----------+----------------+---------------+-------------+-------------+
; STATE.READY    ; 0          ; 0              ; 0        ; 0              ; 0        ; 0              ; 0             ; 0           ; 0           ;
; STATE.START    ; 0          ; 0              ; 0        ; 0              ; 0        ; 0              ; 0             ; 1           ; 1           ;
; STATE.COMMAND  ; 0          ; 0              ; 0        ; 0              ; 0        ; 0              ; 1             ; 0           ; 1           ;
; STATE.SLV_ACK1 ; 0          ; 0              ; 0        ; 0              ; 0        ; 1              ; 0             ; 0           ; 1           ;
; STATE.WR       ; 0          ; 0              ; 0        ; 0              ; 1        ; 0              ; 0             ; 0           ; 1           ;
; STATE.SLV_ACK2 ; 0          ; 0              ; 0        ; 1              ; 0        ; 0              ; 0             ; 0           ; 1           ;
; STATE.RD       ; 0          ; 0              ; 1        ; 0              ; 0        ; 0              ; 0             ; 0           ; 1           ;
; STATE.MSTR_ACK ; 0          ; 1              ; 0        ; 0              ; 0        ; 0              ; 0             ; 0           ; 1           ;
; STATE.STOP     ; 1          ; 0              ; 0        ; 0              ; 0        ; 0              ; 0             ; 0           ; 1           ;
+----------------+------------+----------------+----------+----------------+----------+----------------+---------------+-------------+-------------+


+----------------------------------------------------------------------------------------------------------+
; Registers Removed During Synthesis                                                                       ;
+-----------------------------------------------------+----------------------------------------------------+
; Register name                                       ; Reason for Removal                                 ;
+-----------------------------------------------------+----------------------------------------------------+
; CONFIGURED                                          ; Lost fanout                                        ;
; CONFIG_EN                                           ; Lost fanout                                        ;
; ADS1115:U_ADS1115|CONFIGURED                        ; Lost fanout                                        ;
; ADS1115:U_ADS1115|MAX_WAIT[4..7,11,12,14,15,19..30] ; Stuck at GND due to stuck port data_in             ;
; ADS1115:U_ADS1115|CONFIG_REG[14,15]                 ; Stuck at VCC due to stuck port data_in             ;
; ADS1115:U_ADS1115|CONFIG_REG[9..13]                 ; Stuck at GND due to stuck port data_in             ;
; ADS1115:U_ADS1115|CONFIG_REG[7,8]                   ; Stuck at VCC due to stuck port data_in             ;
; ADS1115:U_ADS1115|CONFIG_REG[2..6]                  ; Stuck at GND due to stuck port data_in             ;
; ADS1115:U_ADS1115|CONFIG_REG[0,1]                   ; Stuck at VCC due to stuck port data_in             ;
; ADS1115:U_ADS1115|MAX_WAIT[31]                      ; Merged with ADS1115:U_ADS1115|MAX_WAIT[0]          ;
; ADS1115:U_ADS1115|MAX_WAIT[1..3,8,9,13,16..18]      ; Merged with ADS1115:U_ADS1115|MAX_WAIT[10]         ;
; ADS1115:U_ADS1115|I2C:U_I2C|ADDR_RW[7]              ; Merged with ADS1115:U_ADS1115|I2C:U_I2C|ADDR_RW[4] ;
; ADS1115:U_ADS1115|I2C:U_I2C|ADDR_RW[2,3,5,6]        ; Merged with ADS1115:U_ADS1115|I2C:U_I2C|ADDR_RW[1] ;
; ADS1115:U_ADS1115|DATA_WR[2..4]                     ; Merged with ADS1115:U_ADS1115|DATA_WR[5]           ;
; ADS1115:U_ADS1115|I2C:U_I2C|ADDR_RW[1]              ; Stuck at GND due to stuck port data_in             ;
; ADS1115:U_ADS1115|DATA_WR[5]                        ; Stuck at GND due to stuck port data_in             ;
; ADS1115:U_ADS1115|I2C:U_I2C|DATA_TX[2..5]           ; Stuck at GND due to stuck port data_in             ;
; ADS1115:U_ADS1115|I2C:U_I2C|ADDR_RW[4]              ; Stuck at VCC due to stuck port data_in             ;
; ADS1115:U_ADS1115|STATE_AFTER_WAIT.IDLE             ; Lost fanout                                        ;
; ADS1115:U_ADS1115|STATE_AFTER_WAIT.WAIT_CONVERSION  ; Lost fanout                                        ;
; ADS1115:U_ADS1115|STATE_AFTER_WAIT.WAIT_I2C_BUSY    ; Lost fanout                                        ;
; ADS1115:U_ADS1115|STATE_AFTER_WAIT.WAIT_I2C_DONE    ; Lost fanout                                        ;
; ADS1115:U_ADS1115|MAX_WAIT[0]                       ; Stuck at GND due to stuck port data_in             ;
; Total Number of Removed Registers = 69              ;                                                    ;
+-----------------------------------------------------+----------------------------------------------------+


+----------------------------------------------------------------------------------------------------------------------------------------------+
; Removed Registers Triggering Further Register Optimizations                                                                                  ;
+--------------------------------+---------------------------+---------------------------------------------------------------------------------+
; Register name                  ; Reason for Removal        ; Registers Removed due to This Register                                          ;
+--------------------------------+---------------------------+---------------------------------------------------------------------------------+
; ADS1115:U_ADS1115|MAX_WAIT[30] ; Stuck at GND              ; ADS1115:U_ADS1115|DATA_WR[5], ADS1115:U_ADS1115|I2C:U_I2C|DATA_TX[5],           ;
;                                ; due to stuck port data_in ; ADS1115:U_ADS1115|I2C:U_I2C|DATA_TX[4], ADS1115:U_ADS1115|I2C:U_I2C|DATA_TX[3], ;
;                                ;                           ; ADS1115:U_ADS1115|I2C:U_I2C|DATA_TX[2]                                          ;
+--------------------------------+---------------------------+---------------------------------------------------------------------------------+


+------------------------------------------------------+
; General Register Statistics                          ;
+----------------------------------------------+-------+
; Statistic                                    ; Value ;
+----------------------------------------------+-------+
; Total registers                              ; 120   ;
; Number of registers using Synchronous Clear  ; 32    ;
; Number of registers using Synchronous Load   ; 0     ;
; Number of registers using Asynchronous Clear ; 102   ;
; Number of registers using Asynchronous Load  ; 0     ;
; Number of registers using Clock Enable       ; 87    ;
; Number of registers using Preset             ; 0     ;
+----------------------------------------------+-------+


+--------------------------------------------------+
; Inverted Register Statistics                     ;
+----------------------------------------+---------+
; Inverted Register                      ; Fan out ;
+----------------------------------------+---------+
; ADS1115:U_ADS1115|I2C:U_I2C|BIT_CNT[0] ; 22      ;
; ADS1115:U_ADS1115|I2C:U_I2C|BIT_CNT[2] ; 20      ;
; ADS1115:U_ADS1115|I2C:U_I2C|BIT_CNT[1] ; 20      ;
; ADS1115:U_ADS1115|I2C:U_I2C|BUSY       ; 11      ;
; ADS1115:U_ADS1115|I2C:U_I2C|SDA_INT    ; 2       ;
; Total number of inverted registers = 5 ;         ;
+----------------------------------------+---------+


+-------------------------------------------------------------------------------------------------------------------------------------------------------------------+
; Multiplexer Restructuring Statistics (Restructuring Performed)                                                                                                    ;
+--------------------+-----------+---------------+----------------------+------------------------+------------+-----------------------------------------------------+
; Multiplexer Inputs ; Bus Width ; Baseline Area ; Area if Restructured ; Saving if Restructured ; Registered ; Example Multiplexer Output                          ;
+--------------------+-----------+---------------+----------------------+------------------------+------------+-----------------------------------------------------+
; 3:1                ; 9 bits    ; 18 LEs        ; 0 LEs                ; 18 LEs                 ; Yes        ; |SINGLE_SHOT|ADS1115:U_ADS1115|I2C:U_I2C|DATA_TX[1] ;
; 5:1                ; 32 bits   ; 96 LEs        ; 32 LEs               ; 64 LEs                 ; Yes        ; |SINGLE_SHOT|ADS1115:U_ADS1115|WAIT_COUNT[20]       ;
; 5:1                ; 2 bits    ; 6 LEs         ; 2 LEs                ; 4 LEs                  ; Yes        ; |SINGLE_SHOT|ADS1115:U_ADS1115|DATA_WR[5]           ;
; 6:1                ; 2 bits    ; 8 LEs         ; 2 LEs                ; 6 LEs                  ; Yes        ; |SINGLE_SHOT|ADS1115:U_ADS1115|BYTE_COUNT[0]        ;
; 7:1                ; 3 bits    ; 12 LEs        ; 6 LEs                ; 6 LEs                  ; Yes        ; |SINGLE_SHOT|ADS1115:U_ADS1115|DATA_WR[7]           ;
; 3:1                ; 3 bits    ; 6 LEs         ; 3 LEs                ; 3 LEs                  ; Yes        ; |SINGLE_SHOT|ADS1115:U_ADS1115|I2C:U_I2C|BIT_CNT[2] ;
; 11:1               ; 2 bits    ; 14 LEs        ; 8 LEs                ; 6 LEs                  ; No         ; |SINGLE_SHOT|ADS1115:U_ADS1115|Selector8            ;
; 11:1               ; 2 bits    ; 14 LEs        ; 8 LEs                ; 6 LEs                  ; No         ; |SINGLE_SHOT|ADS1115:U_ADS1115|Selector5            ;
; 11:1               ; 2 bits    ; 14 LEs        ; 6 LEs                ; 8 LEs                  ; No         ; |SINGLE_SHOT|ADS1115:U_ADS1115|Selector3            ;
+--------------------+-----------+---------------+----------------------+------------------------+------------+-----------------------------------------------------+


+--------------------------------------------------------------------------+
; Parameter Settings for User Entity Instance: ADS1115:U_ADS1115|I2C:U_I2C ;
+----------------+----------+----------------------------------------------+
; Parameter Name ; Value    ; Type                                         ;
+----------------+----------+----------------------------------------------+
; clk_freq_hz    ; 50000000 ; Signed Integer                               ;
; i2c_freq_hz    ; 100000   ; Signed Integer                               ;
+----------------+----------+----------------------------------------------+
Note: In order to hide this table in the UI and the text report file, please set the "Show Parameter Settings in Synthesis Report" option in "Analysis and Synthesis Settings -> More Settings" to "Off".


+----------------------------------------------------------------------------------------------------------------------+
; Port Connectivity Checks: "ADS1115:U_ADS1115|I2C:U_I2C"                                                              ;
+------------+--------+----------+-------------------------------------------------------------------------------------+
; Port       ; Type   ; Severity ; Details                                                                             ;
+------------+--------+----------+-------------------------------------------------------------------------------------+
; addr[5..4] ; Input  ; Info     ; Stuck at GND                                                                        ;
; addr[2..0] ; Input  ; Info     ; Stuck at GND                                                                        ;
; addr[6]    ; Input  ; Info     ; Stuck at VCC                                                                        ;
; addr[3]    ; Input  ; Info     ; Stuck at VCC                                                                        ;
; ack_err    ; Output ; Info     ; Connected to dangling logic. Logic that only feeds a dangling port will be removed. ;
+------------+--------+----------+-------------------------------------------------------------------------------------+


+---------------------------------------------------------------------------------------------------------------------------+
; Port Connectivity Checks: "ADS1115:U_ADS1115"                                                                             ;
+-----------------+--------+----------+-------------------------------------------------------------------------------------+
; Port            ; Type   ; Severity ; Details                                                                             ;
+-----------------+--------+----------+-------------------------------------------------------------------------------------+
; channel[1..0]   ; Input  ; Info     ; Stuck at GND                                                                        ;
; channel[2]      ; Input  ; Info     ; Stuck at VCC                                                                        ;
; pga             ; Input  ; Info     ; Stuck at GND                                                                        ;
; data_rate[1..0] ; Input  ; Info     ; Stuck at GND                                                                        ;
; data_rate[2]    ; Input  ; Info     ; Stuck at VCC                                                                        ;
; continuous      ; Input  ; Info     ; Stuck at GND                                                                        ;
; busy            ; Output ; Info     ; Connected to dangling logic. Logic that only feeds a dangling port will be removed. ;
+-----------------+--------+----------+-------------------------------------------------------------------------------------+


+-----------------------------------------------------+
; Post-Synthesis Netlist Statistics for Top Partition ;
+-----------------------+-----------------------------+
; Type                  ; Count                       ;
+-----------------------+-----------------------------+
; boundary_port         ; 20                          ;
; cycloneiii_ff         ; 120                         ;
;     CLR               ; 25                          ;
;     ENA               ; 10                          ;
;     ENA CLR           ; 45                          ;
;     ENA CLR SCLR      ; 32                          ;
;     plain             ; 8                           ;
; cycloneiii_io_obuf    ; 2                           ;
; cycloneiii_lcell_comb ; 199                         ;
;     arith             ; 39                          ;
;         2 data inputs ; 38                          ;
;         3 data inputs ; 1                           ;
;     normal            ; 160                         ;
;         1 data inputs ; 5                           ;
;         2 data inputs ; 14                          ;
;         3 data inputs ; 46                          ;
;         4 data inputs ; 95                          ;
;                       ;                             ;
; Max LUT depth         ; 7.20                        ;
; Average LUT depth     ; 3.44                        ;
+-----------------------+-----------------------------+


+-------------------------------+
; Elapsed Time Per Partition    ;
+----------------+--------------+
; Partition Name ; Elapsed Time ;
+----------------+--------------+
; Top            ; 00:00:00     ;
+----------------+--------------+


+-------------------------------+
; Analysis & Synthesis Messages ;
+-------------------------------+
Info: *******************************************************************
Info: Running Quartus Prime Analysis & Synthesis
    Info: Version 17.1.0 Build 590 10/25/2017 SJ Lite Edition
    Info: Processing started: Fri Feb 06 19:10:04 2026
Info: Command: quartus_map --read_settings_files=on --write_settings_files=off ADS1115 -c ADS1115
Warning (18236): Number of processors has not been specified which may cause overloading on shared machines.  Set the global assignment NUM_PARALLEL_PROCESSORS in your QSF to an appropriate value for best performance.
Info (20030): Parallel compilation is enabled and will use 4 of the 4 processors detected
Info (12021): Found 2 design units, including 1 entities, in source file i2c.vhd
    Info (12022): Found design unit 1: I2C-COMP File: C:/Users/steel/Documents/FPGA_tasks/FPGA_REPO/FPGA-practices/ADS1115/I2C.vhd Line: 25
    Info (12023): Found entity 1: I2C File: C:/Users/steel/Documents/FPGA_tasks/FPGA_REPO/FPGA-practices/ADS1115/I2C.vhd Line: 5
Info (12021): Found 2 design units, including 1 entities, in source file ads1115.vhd
    Info (12022): Found design unit 1: ADS1115-COMP File: C:/Users/steel/Documents/FPGA_tasks/FPGA_REPO/FPGA-practices/ADS1115/ADS1115.vhd Line: 32
    Info (12023): Found entity 1: ADS1115 File: C:/Users/steel/Documents/FPGA_tasks/FPGA_REPO/FPGA-practices/ADS1115/ADS1115.vhd Line: 5
Info (12021): Found 2 design units, including 1 entities, in source file single_shot.vhd
    Info (12022): Found design unit 1: SINGLE_SHOT-COMP File: C:/Users/steel/Documents/FPGA_tasks/FPGA_REPO/FPGA-practices/ADS1115/SINGLE_SHOT.vhd Line: 15
    Info (12023): Found entity 1: SINGLE_SHOT File: C:/Users/steel/Documents/FPGA_tasks/FPGA_REPO/FPGA-practices/ADS1115/SINGLE_SHOT.vhd Line: 5
Info (12127): Elaborating entity "SINGLE_SHOT" for the top level hierarchy
Warning (10540): VHDL Signal Declaration warning at SINGLE_SHOT.vhd(47): used explicit default value for signal "CHANNEL" because signal was never assigned a value File: C:/Users/steel/Documents/FPGA_tasks/FPGA_REPO/FPGA-practices/ADS1115/SINGLE_SHOT.vhd Line: 47
Warning (10540): VHDL Signal Declaration warning at SINGLE_SHOT.vhd(48): used explicit default value for signal "PGA" because signal was never assigned a value File: C:/Users/steel/Documents/FPGA_tasks/FPGA_REPO/FPGA-practices/ADS1115/SINGLE_SHOT.vhd Line: 48
Warning (10540): VHDL Signal Declaration warning at SINGLE_SHOT.vhd(49): used explicit default value for signal "DATA_RATE" because signal was never assigned a value File: C:/Users/steel/Documents/FPGA_tasks/FPGA_REPO/FPGA-practices/ADS1115/SINGLE_SHOT.vhd Line: 49
Warning (10540): VHDL Signal Declaration warning at SINGLE_SHOT.vhd(50): used explicit default value for signal "CONTINUOUS" because signal was never assigned a value File: C:/Users/steel/Documents/FPGA_tasks/FPGA_REPO/FPGA-practices/ADS1115/SINGLE_SHOT.vhd Line: 50
Warning (10036): Verilog HDL or VHDL warning at SINGLE_SHOT.vhd(53): object "BUSY" assigned a value but never read File: C:/Users/steel/Documents/FPGA_tasks/FPGA_REPO/FPGA-practices/ADS1115/SINGLE_SHOT.vhd Line: 53
Warning (10036): Verilog HDL or VHDL warning at SINGLE_SHOT.vhd(56): object "DATA_VALID" assigned a value but never read File: C:/Users/steel/Documents/FPGA_tasks/FPGA_REPO/FPGA-practices/ADS1115/SINGLE_SHOT.vhd Line: 56
Info (12128): Elaborating entity "ADS1115" for hierarchy "ADS1115:U_ADS1115" File: C:/Users/steel/Documents/FPGA_tasks/FPGA_REPO/FPGA-practices/ADS1115/SINGLE_SHOT.vhd Line: 59
Warning (10036): Verilog HDL or VHDL warning at ADS1115.vhd(102): object "ACK_ERR" assigned a value but never read File: C:/Users/steel/Documents/FPGA_tasks/FPGA_REPO/FPGA-practices/ADS1115/ADS1115.vhd Line: 102
Info (12128): Elaborating entity "I2C" for hierarchy "ADS1115:U_ADS1115|I2C:U_I2C" File: C:/Users/steel/Documents/FPGA_tasks/FPGA_REPO/FPGA-practices/ADS1115/ADS1115.vhd Line: 118
Info (13000): Registers with preset signals will power-up high File: C:/Users/steel/Documents/FPGA_tasks/FPGA_REPO/FPGA-practices/ADS1115/I2C.vhd Line: 93
Info (13003): DEV_CLRn pin will set, and not reset, register with preset signal due to NOT Gate Push-Back
Info (286030): Timing-Driven Synthesis is running
Critical Warning (18061): Ignored Power-Up Level option on the following registers
    Critical Warning (18010): Register ADS1115:U_ADS1115|MAX_WAIT[0] will power up to Low File: C:/Users/steel/Documents/FPGA_tasks/FPGA_REPO/FPGA-practices/ADS1115/ADS1115.vhd Line: 135
Info (17049): 7 registers lost all their fanouts during netlist optimizations.
Info (16010): Generating hard_block partition "hard_block:auto_generated_inst"
    Info (16011): Adding 0 node(s), including 0 DDIO, 0 PLL, 0 transceiver and 0 LCELL
Info (21057): Implemented 260 device resources after synthesis - the final resource count might be different
    Info (21058): Implemented 2 input pins
    Info (21059): Implemented 16 output pins
    Info (21060): Implemented 2 bidirectional pins
    Info (21061): Implemented 240 logic cells
Info: Quartus Prime Analysis & Synthesis was successful. 0 errors, 10 warnings
    Info: Peak virtual memory: 4792 megabytes
    Info: Processing ended: Fri Feb 06 19:10:19 2026
    Info: Elapsed time: 00:00:15
    Info: Total CPU time (on all processors): 00:00:32


