Flow report for I2C_SPI_UART
Sun Mar 01 16:46:40 2026
Quartus Prime Version 17.1.0 Build 590 10/25/2017 SJ Lite Edition


---------------------
; Table of Contents ;
---------------------
  1. Legal Notice
  2. Flow Summary
  3. Flow Settings
  4. Flow Non-Default Global Settings
  5. Flow Elapsed Time
  6. Flow OS Summary
  7. Flow Log
  8. Flow Messages
  9. Flow Suppressed Messages



----------------
; Legal Notice ;
----------------
Copyright (C) 2017  Intel Corporation. All rights reserved.
Your use of Intel Corporation's design tools, logic functions 
and other software and tools, and its AMPP partner logic 
functions, and any output files from any of the foregoing 
(including device programming or simulation files), and any 
associated documentation or information are expressly subject 
to the terms and conditions of the Intel Program License 
Subscription Agreement, the Intel Quartus Prime License Agreement,
the Intel FPGA IP License Agreement, or other applicable license
agreement, including, without limitation, that your use is for
the sole purpose of programming logic devices manufactured by
Intel and sold by Intel or its authorized distributors.  Please
refer to the applicable agreement for further details.



+----------------------------------------------------------------------------------+
; Flow Summary                                                                     ;
+------------------------------------+---------------------------------------------+
; Flow Status                        ; Successful - Sun Mar 01 16:46:35 2026       ;
; Quartus Prime Version              ; 17.1.0 Build 590 10/25/2017 SJ Lite Edition ;
; Revision Name                      ; I2C_SPI_UART                                ;
; Top-level Entity Name              ; I2C_SPI_UART_BLOCK                          ;
; Family                             ; MAX 10                                      ;
; Device                             ; 10M08SCE144C8G                              ;
; Timing Models                      ; Final                                       ;
; Total logic elements               ; 765 / 8,064 ( 9 % )                         ;
;     Total combinational functions  ; 726 / 8,064 ( 9 % )                         ;
;     Dedicated logic registers      ; 418 / 8,064 ( 5 % )                         ;
; Total registers                    ; 418                                         ;
; Total pins                         ; 9 / 101 ( 9 % )                             ;
; Total virtual pins                 ; 0                                           ;
; Total memory bits                  ; 1,024 / 387,072 ( < 1 % )                   ;
; Embedded Multiplier 9-bit elements ; 0 / 48 ( 0 % )                              ;
; Total PLLs                         ; 0 / 1 ( 0 % )                               ;
; UFM blocks                         ; 0 / 1 ( 0 % )                               ;
; ADC blocks                         ; 0                                           ;
+------------------------------------+---------------------------------------------+


+-----------------------------------------+
; Flow Settings                           ;
+-------------------+---------------------+
; Option            ; Setting             ;
+-------------------+---------------------+
; Start date & time ; 03/01/2026 16:46:00 ;
; Main task         ; Compilation         ;
; Revision Name     ; I2C_SPI_UART        ;
+-------------------+---------------------+


+--------------------------------------------------------------------------------------------------------------------------------+
; Flow Non-Default Global Settings                                                                                               ;
+-------------------------------------+----------------------------------------+---------------+--------------------+------------+
; Assignment Name                     ; Value                                  ; Default Value ; Entity Name        ; Section Id ;
+-------------------------------------+----------------------------------------+---------------+--------------------+------------+
; COMPILER_SIGNATURE_ID               ; 88972150710489.177240156023228         ; --            ; --                 ; --         ;
; FLOW_ENABLE_POWER_ANALYZER          ; On                                     ; Off           ; --                 ; --         ;
; MAX_CORE_JUNCTION_TEMP              ; 85                                     ; --            ; --                 ; --         ;
; MIN_CORE_JUNCTION_TEMP              ; 0                                      ; --            ; --                 ; --         ;
; MISC_FILE                           ; FIFO_inst.vhd                          ; --            ; --                 ; --         ;
; MISC_FILE                           ; FIFO.cmp                               ; --            ; --                 ; --         ;
; PARTITION_COLOR                     ; -- (Not supported for targeted family) ; --            ; I2C_SPI_UART_BLOCK ; Top        ;
; PARTITION_FITTER_PRESERVATION_LEVEL ; -- (Not supported for targeted family) ; --            ; I2C_SPI_UART_BLOCK ; Top        ;
; PARTITION_NETLIST_TYPE              ; -- (Not supported for targeted family) ; --            ; I2C_SPI_UART_BLOCK ; Top        ;
; POWER_BOARD_THERMAL_MODEL           ; None (CONSERVATIVE)                    ; --            ; --                 ; --         ;
; POWER_DEFAULT_INPUT_IO_TOGGLE_RATE  ; 12.5 %                                 ; 12.5%         ; --                 ; --         ;
; POWER_PRESET_COOLING_SOLUTION       ; 23 MM HEAT SINK WITH 200 LFPM AIRFLOW  ; --            ; --                 ; --         ;
; PROJECT_OUTPUT_DIRECTORY            ; output_files                           ; --            ; --                 ; --         ;
; TOP_LEVEL_ENTITY                    ; I2C_SPI_UART_BLOCK                     ; I2C_SPI_UART  ; --                 ; --         ;
+-------------------------------------+----------------------------------------+---------------+--------------------+------------+


+-------------------------------------------------------------------------------------------------------------------------------+
; Flow Elapsed Time                                                                                                             ;
+---------------------------+--------------+-------------------------+---------------------+------------------------------------+
; Module Name               ; Elapsed Time ; Average Processors Used ; Peak Virtual Memory ; Total CPU Time (on all processors) ;
+---------------------------+--------------+-------------------------+---------------------+------------------------------------+
; Analysis & Synthesis      ; 00:00:17     ; 1.0                     ; 4816 MB             ; 00:00:33                           ;
; Fitter                    ; 00:00:11     ; 1.2                     ; 5572 MB             ; 00:00:14                           ;
; Assembler                 ; 00:00:01     ; 1.0                     ; 4683 MB             ; 00:00:01                           ;
; Power Analyzer            ; 00:00:03     ; 1.3                     ; 4830 MB             ; 00:00:03                           ;
; TimeQuest Timing Analyzer ; 00:00:04     ; 1.4                     ; 4800 MB             ; 00:00:04                           ;
; Total                     ; 00:00:36     ; --                      ; --                  ; 00:00:55                           ;
+---------------------------+--------------+-------------------------+---------------------+------------------------------------+


+-----------------------------------------------------------------------------------------+
; Flow OS Summary                                                                         ;
+---------------------------+------------------+------------+------------+----------------+
; Module Name               ; Machine Hostname ; OS Name    ; OS Version ; Processor type ;
+---------------------------+------------------+------------+------------+----------------+
; Analysis & Synthesis      ; PC-PC            ; Windows 10 ; 10.0       ; x86_64         ;
; Fitter                    ; PC-PC            ; Windows 10 ; 10.0       ; x86_64         ;
; Assembler                 ; PC-PC            ; Windows 10 ; 10.0       ; x86_64         ;
; Power Analyzer            ; PC-PC            ; Windows 10 ; 10.0       ; x86_64         ;
; TimeQuest Timing Analyzer ; PC-PC            ; Windows 10 ; 10.0       ; x86_64         ;
+---------------------------+------------------+------------+------------+----------------+


------------
; Flow Log ;
------------
quartus_map --read_settings_files=on --write_settings_files=off I2C_SPI_UART -c I2C_SPI_UART
quartus_fit --read_settings_files=off --write_settings_files=off I2C_SPI_UART -c I2C_SPI_UART
quartus_asm --read_settings_files=off --write_settings_files=off I2C_SPI_UART -c I2C_SPI_UART
quartus_pow --read_settings_files=off --write_settings_files=off I2C_SPI_UART -c I2C_SPI_UART
quartus_sta I2C_SPI_UART -c I2C_SPI_UART



